1760664486 rain 7 9 0.44
1760664486 windx 7 9 0.50
1760664486 windy 7 9 0.58
1760664486 temp 7 9 0.53
1760664490 rain -3 2 0.70
1760664490 windx -3 2 0.20
1760664490 windy -3 2 0.22
1760664490 temp -3 2 0.30
1760664494 rain 2 -4 0.20
1760664494 windx 2 -4 0.62
1760664494 windy 2 -4 0.60
1760664494 temp 2 -4 0.40
1760664498 rain 0 0 0.50
1760664498 windx 0 0 0.10
1760664498 windy 0 0 0.10
1760664498 temp 0 0 0.80
1760664502 rain -5 6 0.75
1760664502 windx -5 6 0.15
1760664502 windy -5 6 0.25
1760664502 temp -5 6 0.85
1760664506 rain 4 -7 0.35
1760664506 windx 4 -7 0.70
1760664506 windy 4 -7 0.68
1760664506 temp 4 -7 0.45
1760664510 rain -2 -1 0.55
1760664510 windx -2 -1 0.35
1760664510 windy -2 -1 0.40
1760664510 temp -2 -1 0.25
1760664514 rain 8 3 0.40
1760664514 windx 8 3 0.55
1760664514 windy 8 3 0.50
1760664514 temp 8 3 0.70
1760664518 rain -6 -3 0.65
1760664518 windx -6 -3 0.25
1760664518 windy -6 -3 0.30
1760664518 temp -6 -3 0.20
1760664522 rain 1 5 0.30
1760664522 windx 1 5 0.80
1760664522 windy 1 5 0.75
1760664522 temp 1 5 0.50
1760664526 rain 9 -2 0.45
1760664526 windx 9 -2 0.40
1760664526 windy 9 -2 0.42
1760664526 temp 9 -2 0.35
1760664530 rain -4 0 0.50
1760664530 windx -4 0 0.20
1760664530 windy -4 0 0.18
1760664530 temp -4 0 0.75
1760664534 rain 5 7 0.38
1760664534 windx 5 7 0.50
1760664534 windy 5 7 0.48
1760664534 temp 5 7 0.55
1760664538 rain -1 -5 0.72
1760664538 windx -1 -5 0.30
1760664538 windy -1 -5 0.35
1760664538 temp -1 -5 0.60